C:/Users/Owner/Music/workspace_waterlevel20m-final/LoRaWAN_End_Node/LoRaWAN/App/lora_app.c:2004:13:OnSysTimeUpdate	0	static
C:/Users/Owner/Music/workspace_waterlevel20m-final/LoRaWAN_End_Node/LoRaWAN/App/lora_app.c:2052:13:OnTxFrameCtrlChanged	0	static
C:/Users/Owner/Music/workspace_waterlevel20m-final/LoRaWAN_End_Node/LoRaWAN/App/lora_app.c:2063:13:OnPingSlotPeriodicityChanged	0	static
C:/Users/Owner/Music/workspace_waterlevel20m-final/LoRaWAN_End_Node/LoRaWAN/App/lora_app.c:1969:13:OnBeaconStatusChange	72	static
C:/Users/Owner/Music/workspace_waterlevel20m-final/LoRaWAN_End_Node/LoRaWAN/App/lora_app.c:2011:13:OnClassChange	16	static
C:/Users/Owner/Music/workspace_waterlevel20m-final/LoRaWAN_End_Node/LoRaWAN/App/lora_app.c:2163:13:OnNvmDataChange	8	static
C:/Users/Owner/Music/workspace_waterlevel20m-final/LoRaWAN_End_Node/LoRaWAN/App/lora_app.c:2196:13:OnRestoreContextRequest	8	static
C:/Users/Owner/Music/workspace_waterlevel20m-final/LoRaWAN_End_Node/LoRaWAN/App/lora_app.c:2181:13:OnStoreContextRequest	16	static
C:/Users/Owner/Music/workspace_waterlevel20m-final/LoRaWAN_End_Node/LoRaWAN/App/lora_app.c:1890:13:OnRxTimerLedEvent	8	static
C:/Users/Owner/Music/workspace_waterlevel20m-final/LoRaWAN_End_Node/LoRaWAN/App/lora_app.c:1885:13:OnTxTimerLedEvent	8	static
C:/Users/Owner/Music/workspace_waterlevel20m-final/LoRaWAN_End_Node/LoRaWAN/App/lora_app.c:1902:13:OnTxData	24	static
C:/Users/Owner/Music/workspace_waterlevel20m-final/LoRaWAN_End_Node/LoRaWAN/App/lora_app.c:1870:13:OnTxTimerEvent	8	static
C:/Users/Owner/Music/workspace_waterlevel20m-final/LoRaWAN_End_Node/LoRaWAN/App/lora_app.c:2018:13:OnMacProcessNotify	8	static
C:/Users/Owner/Music/workspace_waterlevel20m-final/LoRaWAN_End_Node/LoRaWAN/App/lora_app.c:2125:13:OnStopJoinTimerEvent	8	static
C:/Users/Owner/Music/workspace_waterlevel20m-final/LoRaWAN_End_Node/LoRaWAN/App/lora_app.c:2074:13:OnSystemReset	8	static,ignoring_inline_asm
C:/Users/Owner/Music/workspace_waterlevel20m-final/LoRaWAN_End_Node/LoRaWAN/App/lora_app.c:2030:13:OnTxPeriodicityChanged	8	static
C:/Users/Owner/Music/workspace_waterlevel20m-final/LoRaWAN_End_Node/LoRaWAN/App/lora_app.c:1228:13:OnRxData	288	static
C:/Users/Owner/Music/workspace_waterlevel20m-final/LoRaWAN_End_Node/LoRaWAN/App/lora_app.c:2088:13:StopJoin	16	static
C:/Users/Owner/Music/workspace_waterlevel20m-final/LoRaWAN_End_Node/LoRaWAN/App/lora_app.c:2141:13:StoreContext	8	static
C:/Users/Owner/Music/workspace_waterlevel20m-final/LoRaWAN_End_Node/LoRaWAN/App/lora_app.c:1895:13:OnJoinTimerLedEvent	8	static
C:/Users/Owner/Music/workspace_waterlevel20m-final/LoRaWAN_End_Node/LoRaWAN/App/lora_app.c:152:24:write_devnonce_to_flash	40	static
C:/Users/Owner/Music/workspace_waterlevel20m-final/LoRaWAN_End_Node/LoRaWAN/App/lora_app.c:1936:13:OnJoinRequest	24	static
C:/Users/Owner/Music/workspace_waterlevel20m-final/LoRaWAN_End_Node/LoRaWAN/App/lora_app.c:216:7:parseReply	8	static
C:/Users/Owner/Music/workspace_waterlevel20m-final/LoRaWAN_End_Node/LoRaWAN/App/lora_app.c:230:6:sortArray	32	static
C:/Users/Owner/Music/workspace_waterlevel20m-final/LoRaWAN_End_Node/LoRaWAN/App/lora_app.c:246:7:getMedianValue	8	static
C:/Users/Owner/Music/workspace_waterlevel20m-final/LoRaWAN_End_Node/LoRaWAN/App/lora_app.c:258:7:averageWaterLevel	16	static
C:/Users/Owner/Music/workspace_waterlevel20m-final/LoRaWAN_End_Node/LoRaWAN/App/lora_app.c:270:6:fetchSingleShotData	128	static
C:/Users/Owner/Music/workspace_waterlevel20m-final/LoRaWAN_End_Node/LoRaWAN/App/lora_app.c:302:10:getNextRandomNumber	0	static
C:/Users/Owner/Music/workspace_waterlevel20m-final/LoRaWAN_End_Node/LoRaWAN/App/lora_app.c:591:6:panicMode	256	static
C:/Users/Owner/Music/workspace_waterlevel20m-final/LoRaWAN_End_Node/LoRaWAN/App/lora_app.c:637:6:fetchSensorData	240	dynamic
C:/Users/Owner/Music/workspace_waterlevel20m-final/LoRaWAN_End_Node/LoRaWAN/App/lora_app.c:785:6:fetchLTCData	176	static
C:/Users/Owner/Music/workspace_waterlevel20m-final/LoRaWAN_End_Node/LoRaWAN/App/lora_app.c:1703:13:SendTxData	136	static
C:/Users/Owner/Music/workspace_waterlevel20m-final/LoRaWAN_End_Node/LoRaWAN/App/lora_app.c:1021:6:LoRaWAN_Init	48	static
C:/Users/Owner/Music/workspace_waterlevel20m-final/LoRaWAN_End_Node/LoRaWAN/App/lora_app.c:1126:6:HAL_GPIO_EXTI_Callback	128	static
