C:/Users/Owner/Music/workspace_waterlevel20m-final/LoRaWAN_End_Node/LoRaWAN/App/lora_app.c:2412:13:OnSysTimeUpdate	0	static
C:/Users/Owner/Music/workspace_waterlevel20m-final/LoRaWAN_End_Node/LoRaWAN/App/lora_app.c:2460:13:OnTxFrameCtrlChanged	0	static
C:/Users/Owner/Music/workspace_waterlevel20m-final/LoRaWAN_End_Node/LoRaWAN/App/lora_app.c:2471:13:OnPingSlotPeriodicityChanged	0	static
C:/Users/Owner/Music/workspace_waterlevel20m-final/LoRaWAN_End_Node/LoRaWAN/App/lora_app.c:2377:13:OnBeaconStatusChange	72	static
C:/Users/Owner/Music/workspace_waterlevel20m-final/LoRaWAN_End_Node/LoRaWAN/App/lora_app.c:2419:13:OnClassChange	16	static
C:/Users/Owner/Music/workspace_waterlevel20m-final/LoRaWAN_End_Node/LoRaWAN/App/lora_app.c:2571:13:OnNvmDataChange	8	static
C:/Users/Owner/Music/workspace_waterlevel20m-final/LoRaWAN_End_Node/LoRaWAN/App/lora_app.c:2604:13:OnRestoreContextRequest	8	static
C:/Users/Owner/Music/workspace_waterlevel20m-final/LoRaWAN_End_Node/LoRaWAN/App/lora_app.c:2589:13:OnStoreContextRequest	16	static
C:/Users/Owner/Music/workspace_waterlevel20m-final/LoRaWAN_End_Node/LoRaWAN/App/lora_app.c:2298:13:OnRxTimerLedEvent	8	static
C:/Users/Owner/Music/workspace_waterlevel20m-final/LoRaWAN_End_Node/LoRaWAN/App/lora_app.c:2293:13:OnTxTimerLedEvent	8	static
C:/Users/Owner/Music/workspace_waterlevel20m-final/LoRaWAN_End_Node/LoRaWAN/App/lora_app.c:2310:13:OnTxData	24	static
C:/Users/Owner/Music/workspace_waterlevel20m-final/LoRaWAN_End_Node/LoRaWAN/App/lora_app.c:2278:13:OnTxTimerEvent	8	static
C:/Users/Owner/Music/workspace_waterlevel20m-final/LoRaWAN_End_Node/LoRaWAN/App/lora_app.c:2426:13:OnMacProcessNotify	8	static
C:/Users/Owner/Music/workspace_waterlevel20m-final/LoRaWAN_End_Node/LoRaWAN/App/lora_app.c:2533:13:OnStopJoinTimerEvent	8	static
C:/Users/Owner/Music/workspace_waterlevel20m-final/LoRaWAN_End_Node/LoRaWAN/App/lora_app.c:2482:13:OnSystemReset	8	static,ignoring_inline_asm
C:/Users/Owner/Music/workspace_waterlevel20m-final/LoRaWAN_End_Node/LoRaWAN/App/lora_app.c:2438:13:OnTxPeriodicityChanged	8	static
C:/Users/Owner/Music/workspace_waterlevel20m-final/LoRaWAN_End_Node/LoRaWAN/App/lora_app.c:1463:13:OnRxData	304	static
C:/Users/Owner/Music/workspace_waterlevel20m-final/LoRaWAN_End_Node/LoRaWAN/App/lora_app.c:2496:13:StopJoin	16	static
C:/Users/Owner/Music/workspace_waterlevel20m-final/LoRaWAN_End_Node/LoRaWAN/App/lora_app.c:2549:13:StoreContext	8	static
C:/Users/Owner/Music/workspace_waterlevel20m-final/LoRaWAN_End_Node/LoRaWAN/App/lora_app.c:2303:13:OnJoinTimerLedEvent	8	static
C:/Users/Owner/Music/workspace_waterlevel20m-final/LoRaWAN_End_Node/LoRaWAN/App/lora_app.c:148:24:write_devnonce_to_flash	40	static
C:/Users/Owner/Music/workspace_waterlevel20m-final/LoRaWAN_End_Node/LoRaWAN/App/lora_app.c:2344:13:OnJoinRequest	24	static
C:/Users/Owner/Music/workspace_waterlevel20m-final/LoRaWAN_End_Node/LoRaWAN/App/lora_app.c:211:6:CheckModbus	16	static
C:/Users/Owner/Music/workspace_waterlevel20m-final/LoRaWAN_End_Node/LoRaWAN/App/lora_app.c:233:7:parseReply	8	static
C:/Users/Owner/Music/workspace_waterlevel20m-final/LoRaWAN_End_Node/LoRaWAN/App/lora_app.c:247:6:sortArray	32	static
C:/Users/Owner/Music/workspace_waterlevel20m-final/LoRaWAN_End_Node/LoRaWAN/App/lora_app.c:263:7:getMedianValue	8	static
C:/Users/Owner/Music/workspace_waterlevel20m-final/LoRaWAN_End_Node/LoRaWAN/App/lora_app.c:275:7:getAverageValue	24	static
C:/Users/Owner/Music/workspace_waterlevel20m-final/LoRaWAN_End_Node/LoRaWAN/App/lora_app.c:287:7:averageWaterLevel	16	static
C:/Users/Owner/Music/workspace_waterlevel20m-final/LoRaWAN_End_Node/LoRaWAN/App/lora_app.c:299:6:fetchSingleShotData	128	static
C:/Users/Owner/Music/workspace_waterlevel20m-final/LoRaWAN_End_Node/LoRaWAN/App/lora_app.c:613:6:panicMode	264	static
C:/Users/Owner/Music/workspace_waterlevel20m-final/LoRaWAN_End_Node/LoRaWAN/App/lora_app.c:663:6:fetchSensorDataOnce	144	dynamic
C:/Users/Owner/Music/workspace_waterlevel20m-final/LoRaWAN_End_Node/LoRaWAN/App/lora_app.c:727:6:fetchSensorDataDifferential	152	dynamic
C:/Users/Owner/Music/workspace_waterlevel20m-final/LoRaWAN_End_Node/LoRaWAN/App/lora_app.c:810:6:fetchSensorData	496	dynamic
C:/Users/Owner/Music/workspace_waterlevel20m-final/LoRaWAN_End_Node/LoRaWAN/App/lora_app.c:1086:6:fetchLTCData	176	static
C:/Users/Owner/Music/workspace_waterlevel20m-final/LoRaWAN_End_Node/LoRaWAN/App/lora_app.c:2088:13:SendTxData	128	static
C:/Users/Owner/Music/workspace_waterlevel20m-final/LoRaWAN_End_Node/LoRaWAN/App/lora_app.c:1322:6:LoRaWAN_Init	48	static
C:/Users/Owner/Music/workspace_waterlevel20m-final/LoRaWAN_End_Node/LoRaWAN/App/lora_app.c:1427:6:HAL_GPIO_EXTI_Callback	8	static
