C:/Users/Owner/Music/workspace_waterlevel20m-final/LoRaWAN_End_Node/LoRaWAN/App/lora_app.c:1865:13:OnSysTimeUpdate	0	static
C:/Users/Owner/Music/workspace_waterlevel20m-final/LoRaWAN_End_Node/LoRaWAN/App/lora_app.c:1913:13:OnTxFrameCtrlChanged	0	static
C:/Users/Owner/Music/workspace_waterlevel20m-final/LoRaWAN_End_Node/LoRaWAN/App/lora_app.c:1924:13:OnPingSlotPeriodicityChanged	0	static
C:/Users/Owner/Music/workspace_waterlevel20m-final/LoRaWAN_End_Node/LoRaWAN/App/lora_app.c:1830:13:OnBeaconStatusChange	72	static
C:/Users/Owner/Music/workspace_waterlevel20m-final/LoRaWAN_End_Node/LoRaWAN/App/lora_app.c:1872:13:OnClassChange	16	static
C:/Users/Owner/Music/workspace_waterlevel20m-final/LoRaWAN_End_Node/LoRaWAN/App/lora_app.c:2024:13:OnNvmDataChange	8	static
C:/Users/Owner/Music/workspace_waterlevel20m-final/LoRaWAN_End_Node/LoRaWAN/App/lora_app.c:2057:13:OnRestoreContextRequest	8	static
C:/Users/Owner/Music/workspace_waterlevel20m-final/LoRaWAN_End_Node/LoRaWAN/App/lora_app.c:2042:13:OnStoreContextRequest	16	static
C:/Users/Owner/Music/workspace_waterlevel20m-final/LoRaWAN_End_Node/LoRaWAN/App/lora_app.c:1751:13:OnRxTimerLedEvent	8	static
C:/Users/Owner/Music/workspace_waterlevel20m-final/LoRaWAN_End_Node/LoRaWAN/App/lora_app.c:1746:13:OnTxTimerLedEvent	8	static
C:/Users/Owner/Music/workspace_waterlevel20m-final/LoRaWAN_End_Node/LoRaWAN/App/lora_app.c:1763:13:OnTxData	24	static
C:/Users/Owner/Music/workspace_waterlevel20m-final/LoRaWAN_End_Node/LoRaWAN/App/lora_app.c:1731:13:OnTxTimerEvent	8	static
C:/Users/Owner/Music/workspace_waterlevel20m-final/LoRaWAN_End_Node/LoRaWAN/App/lora_app.c:1879:13:OnMacProcessNotify	8	static
C:/Users/Owner/Music/workspace_waterlevel20m-final/LoRaWAN_End_Node/LoRaWAN/App/lora_app.c:1986:13:OnStopJoinTimerEvent	8	static
C:/Users/Owner/Music/workspace_waterlevel20m-final/LoRaWAN_End_Node/LoRaWAN/App/lora_app.c:1935:13:OnSystemReset	8	static,ignoring_inline_asm
C:/Users/Owner/Music/workspace_waterlevel20m-final/LoRaWAN_End_Node/LoRaWAN/App/lora_app.c:1891:13:OnTxPeriodicityChanged	8	static
C:/Users/Owner/Music/workspace_waterlevel20m-final/LoRaWAN_End_Node/LoRaWAN/App/lora_app.c:1159:13:OnRxData	288	static
C:/Users/Owner/Music/workspace_waterlevel20m-final/LoRaWAN_End_Node/LoRaWAN/App/lora_app.c:1949:13:StopJoin	16	static
C:/Users/Owner/Music/workspace_waterlevel20m-final/LoRaWAN_End_Node/LoRaWAN/App/lora_app.c:2002:13:StoreContext	8	static
C:/Users/Owner/Music/workspace_waterlevel20m-final/LoRaWAN_End_Node/LoRaWAN/App/lora_app.c:1756:13:OnJoinTimerLedEvent	8	static
C:/Users/Owner/Music/workspace_waterlevel20m-final/LoRaWAN_End_Node/LoRaWAN/App/lora_app.c:147:24:write_devnonce_to_flash	40	static
C:/Users/Owner/Music/workspace_waterlevel20m-final/LoRaWAN_End_Node/LoRaWAN/App/lora_app.c:1797:13:OnJoinRequest	24	static
C:/Users/Owner/Music/workspace_waterlevel20m-final/LoRaWAN_End_Node/LoRaWAN/App/lora_app.c:210:7:parseReply	8	static
C:/Users/Owner/Music/workspace_waterlevel20m-final/LoRaWAN_End_Node/LoRaWAN/App/lora_app.c:223:6:sortArray	32	static
C:/Users/Owner/Music/workspace_waterlevel20m-final/LoRaWAN_End_Node/LoRaWAN/App/lora_app.c:238:7:getMedianValue	8	static
C:/Users/Owner/Music/workspace_waterlevel20m-final/LoRaWAN_End_Node/LoRaWAN/App/lora_app.c:249:7:averageWaterLevel	16	static
C:/Users/Owner/Music/workspace_waterlevel20m-final/LoRaWAN_End_Node/LoRaWAN/App/lora_app.c:260:6:fetchSingleShotData	128	static
C:/Users/Owner/Music/workspace_waterlevel20m-final/LoRaWAN_End_Node/LoRaWAN/App/lora_app.c:292:10:getNextRandomNumber	0	static
C:/Users/Owner/Music/workspace_waterlevel20m-final/LoRaWAN_End_Node/LoRaWAN/App/lora_app.c:581:6:fetchSensorData	240	dynamic
C:/Users/Owner/Music/workspace_waterlevel20m-final/LoRaWAN_End_Node/LoRaWAN/App/lora_app.c:714:6:fetchLTCData	176	static
C:/Users/Owner/Music/workspace_waterlevel20m-final/LoRaWAN_End_Node/LoRaWAN/App/lora_app.c:1585:13:SendTxData	128	static
C:/Users/Owner/Music/workspace_waterlevel20m-final/LoRaWAN_End_Node/LoRaWAN/App/lora_app.c:953:6:LoRaWAN_Init	48	static
C:/Users/Owner/Music/workspace_waterlevel20m-final/LoRaWAN_End_Node/LoRaWAN/App/lora_app.c:1058:6:HAL_GPIO_EXTI_Callback	128	static
