C:/Users/Owner/Music/workspace_waterlevel20m-final/LoRaWAN_End_Node/LoRaWAN/App/lora_app.c:2480:13:OnSysTimeUpdate	0	static
C:/Users/Owner/Music/workspace_waterlevel20m-final/LoRaWAN_End_Node/LoRaWAN/App/lora_app.c:2528:13:OnTxFrameCtrlChanged	0	static
C:/Users/Owner/Music/workspace_waterlevel20m-final/LoRaWAN_End_Node/LoRaWAN/App/lora_app.c:2539:13:OnPingSlotPeriodicityChanged	0	static
C:/Users/Owner/Music/workspace_waterlevel20m-final/LoRaWAN_End_Node/LoRaWAN/App/lora_app.c:2445:13:OnBeaconStatusChange	72	static
C:/Users/Owner/Music/workspace_waterlevel20m-final/LoRaWAN_End_Node/LoRaWAN/App/lora_app.c:2487:13:OnClassChange	16	static
C:/Users/Owner/Music/workspace_waterlevel20m-final/LoRaWAN_End_Node/LoRaWAN/App/lora_app.c:2639:13:OnNvmDataChange	8	static
C:/Users/Owner/Music/workspace_waterlevel20m-final/LoRaWAN_End_Node/LoRaWAN/App/lora_app.c:2672:13:OnRestoreContextRequest	8	static
C:/Users/Owner/Music/workspace_waterlevel20m-final/LoRaWAN_End_Node/LoRaWAN/App/lora_app.c:2657:13:OnStoreContextRequest	16	static
C:/Users/Owner/Music/workspace_waterlevel20m-final/LoRaWAN_End_Node/LoRaWAN/App/lora_app.c:2366:13:OnRxTimerLedEvent	8	static
C:/Users/Owner/Music/workspace_waterlevel20m-final/LoRaWAN_End_Node/LoRaWAN/App/lora_app.c:2361:13:OnTxTimerLedEvent	8	static
C:/Users/Owner/Music/workspace_waterlevel20m-final/LoRaWAN_End_Node/LoRaWAN/App/lora_app.c:2378:13:OnTxData	24	static
C:/Users/Owner/Music/workspace_waterlevel20m-final/LoRaWAN_End_Node/LoRaWAN/App/lora_app.c:2346:13:OnTxTimerEvent	8	static
C:/Users/Owner/Music/workspace_waterlevel20m-final/LoRaWAN_End_Node/LoRaWAN/App/lora_app.c:2494:13:OnMacProcessNotify	8	static
C:/Users/Owner/Music/workspace_waterlevel20m-final/LoRaWAN_End_Node/LoRaWAN/App/lora_app.c:2601:13:OnStopJoinTimerEvent	8	static
C:/Users/Owner/Music/workspace_waterlevel20m-final/LoRaWAN_End_Node/LoRaWAN/App/lora_app.c:2550:13:OnSystemReset	8	static,ignoring_inline_asm
C:/Users/Owner/Music/workspace_waterlevel20m-final/LoRaWAN_End_Node/LoRaWAN/App/lora_app.c:2506:13:OnTxPeriodicityChanged	8	static
C:/Users/Owner/Music/workspace_waterlevel20m-final/LoRaWAN_End_Node/LoRaWAN/App/lora_app.c:1529:13:OnRxData	304	static
C:/Users/Owner/Music/workspace_waterlevel20m-final/LoRaWAN_End_Node/LoRaWAN/App/lora_app.c:2564:13:StopJoin	16	static
C:/Users/Owner/Music/workspace_waterlevel20m-final/LoRaWAN_End_Node/LoRaWAN/App/lora_app.c:2617:13:StoreContext	8	static
C:/Users/Owner/Music/workspace_waterlevel20m-final/LoRaWAN_End_Node/LoRaWAN/App/lora_app.c:2371:13:OnJoinTimerLedEvent	8	static
C:/Users/Owner/Music/workspace_waterlevel20m-final/LoRaWAN_End_Node/LoRaWAN/App/lora_app.c:148:24:write_devnonce_to_flash	40	static
C:/Users/Owner/Music/workspace_waterlevel20m-final/LoRaWAN_End_Node/LoRaWAN/App/lora_app.c:2412:13:OnJoinRequest	24	static
C:/Users/Owner/Music/workspace_waterlevel20m-final/LoRaWAN_End_Node/LoRaWAN/App/lora_app.c:211:6:checkModbus	16	static
C:/Users/Owner/Music/workspace_waterlevel20m-final/LoRaWAN_End_Node/LoRaWAN/App/lora_app.c:233:7:parseReply	8	static
C:/Users/Owner/Music/workspace_waterlevel20m-final/LoRaWAN_End_Node/LoRaWAN/App/lora_app.c:247:6:sortArray	32	static
C:/Users/Owner/Music/workspace_waterlevel20m-final/LoRaWAN_End_Node/LoRaWAN/App/lora_app.c:263:7:getMedianValue	8	static
C:/Users/Owner/Music/workspace_waterlevel20m-final/LoRaWAN_End_Node/LoRaWAN/App/lora_app.c:275:7:getAverageValue	24	static
C:/Users/Owner/Music/workspace_waterlevel20m-final/LoRaWAN_End_Node/LoRaWAN/App/lora_app.c:287:7:averageWaterLevel	16	static
C:/Users/Owner/Music/workspace_waterlevel20m-final/LoRaWAN_End_Node/LoRaWAN/App/lora_app.c:299:6:fetchSingleShotData	128	static
C:/Users/Owner/Music/workspace_waterlevel20m-final/LoRaWAN_End_Node/LoRaWAN/App/lora_app.c:613:6:panicMode	264	static
C:/Users/Owner/Music/workspace_waterlevel20m-final/LoRaWAN_End_Node/LoRaWAN/App/lora_app.c:663:6:fetchSensorDataOnce	152	dynamic
C:/Users/Owner/Music/workspace_waterlevel20m-final/LoRaWAN_End_Node/LoRaWAN/App/lora_app.c:739:6:fetchSensorDataDifferential	160	dynamic
C:/Users/Owner/Music/workspace_waterlevel20m-final/LoRaWAN_End_Node/LoRaWAN/App/lora_app.c:841:6:fetchSensorData	496	dynamic
C:/Users/Owner/Music/workspace_waterlevel20m-final/LoRaWAN_End_Node/LoRaWAN/App/lora_app.c:1152:6:fetchLTCData	176	static
C:/Users/Owner/Music/workspace_waterlevel20m-final/LoRaWAN_End_Node/LoRaWAN/App/lora_app.c:2154:13:SendTxData	128	static
C:/Users/Owner/Music/workspace_waterlevel20m-final/LoRaWAN_End_Node/LoRaWAN/App/lora_app.c:1388:6:LoRaWAN_Init	48	static
C:/Users/Owner/Music/workspace_waterlevel20m-final/LoRaWAN_End_Node/LoRaWAN/App/lora_app.c:1493:6:HAL_GPIO_EXTI_Callback	8	static
