../Application/User/Core/PWX_ModbusMonitoring.c:41:1:__io_putchar	16	static
../Application/User/Core/PWX_ModbusMonitoring.c:83:6:initMonitorSlot	40	static
../Application/User/Core/PWX_ModbusMonitoring.c:242:6:uint16ToBoolArray	0	static
../Application/User/Core/PWX_ModbusMonitoring.c:54:6:initModbusMonitor	8	static
../Application/User/Core/PWX_ModbusMonitoring.c:255:10:bytesToUint16	0	static
../Application/User/Core/PWX_ModbusMonitoring.c:267:9:bytesToInt16	0	static
../Application/User/Core/PWX_ModbusMonitoring.c:272:10:bytesToUint32	0	static
../Application/User/Core/PWX_ModbusMonitoring.c:277:9:bytesToInt32	0	static
../Application/User/Core/PWX_ModbusMonitoring.c:282:7:bytesToFloat	0	static
../Application/User/Core/PWX_ModbusMonitoring.c:291:9:bytesToUint8	0	static
../Application/User/Core/PWX_ModbusMonitoring.c:295:8:bytesToInt8	0	static
../Application/User/Core/PWX_ModbusMonitoring.c:301:6:hexToByteArray	0	static
../Application/User/Core/PWX_ModbusMonitoring.c:308:6:printTHHighAlarmMessage	8	static
../Application/User/Core/PWX_ModbusMonitoring.c:310:7:printTHLowAlarmMessage	8	static
../Application/User/Core/PWX_ModbusMonitoring.c:313:6:printSpikeUpAlarmMessage	8	static
../Application/User/Core/PWX_ModbusMonitoring.c:316:6:printSpikeDownAlarmMessage	8	static
../Application/User/Core/PWX_ModbusMonitoring.c:320:6:printOnChangeAlarmMessage	8	static
../Application/User/Core/PWX_ModbusMonitoring.c:333:11:convertBytesToData	8	static
../Application/User/Core/PWX_ModbusMonitoring.c:454:6:checkThresholdHigh	8	static
../Application/User/Core/PWX_ModbusMonitoring.c:519:6:checkThresholdLow	8	static
../Application/User/Core/PWX_ModbusMonitoring.c:583:6:checkSpikeUp	16	static
../Application/User/Core/PWX_ModbusMonitoring.c:646:6:checkSpikeDown	16	static
../Application/User/Core/PWX_ModbusMonitoring.c:708:6:checkOnChange	8	static
../Application/User/Core/PWX_ModbusMonitoring.c:114:6:checkSlot	1000	static
