../Application/User/Core/PWX_ST50H_Modbus.c:65:6:initModbus	16	static
../Application/User/Core/PWX_ST50H_Modbus.c:174:6:Serial_Transmit	8	static
../Application/User/Core/PWX_ST50H_Modbus.c:83:6:sendRaw	24	static
../Application/User/Core/PWX_ST50H_Modbus.c:189:6:Modbus_RxCallback	8	static
../Application/User/Core/PWX_ST50H_Modbus.c:213:8:getArrayLength	0	static
../Application/User/Core/PWX_ST50H_Modbus.c:230:10:calculateModbusCRC	4	static
../Application/User/Core/PWX_ST50H_Modbus.c:127:6:sendRaw_CRC	32	dynamic
