../Application/User/Core/PWX_ST50H_Modbus.c:65:6:initModbus	16	static
../Application/User/Core/PWX_ST50H_Modbus.c:177:6:Serial_Transmit	8	static
../Application/User/Core/PWX_ST50H_Modbus.c:83:6:sendRaw	32	static
../Application/User/Core/PWX_ST50H_Modbus.c:192:6:Modbus_RxCallback	8	static
../Application/User/Core/PWX_ST50H_Modbus.c:216:8:getArrayLength	0	static
../Application/User/Core/PWX_ST50H_Modbus.c:233:10:calculateModbusCRC	4	static
../Application/User/Core/PWX_ST50H_Modbus.c:130:6:sendRaw_CRC	32	dynamic
