C:/Users/Owner/Music/workspace_waterlevel20m-final/LoRaWAN_End_Node/Middlewares/Third_Party/LoRaWAN/LmHandler/LmHandler.c:1446:13:LmHandlerPackageIsInitialized	8	static
C:/Users/Owner/Music/workspace_waterlevel20m-final/LoRaWAN_End_Node/Middlewares/Third_Party/LoRaWAN/LmHandler/LmHandler.c:1458:13:LmHandlerPackagesNotify	16	static
C:/Users/Owner/Music/workspace_waterlevel20m-final/LoRaWAN_End_Node/Middlewares/Third_Party/LoRaWAN/LmHandler/LmHandler.c:1322:13:MlmeIndication	8	static
C:/Users/Owner/Music/workspace_waterlevel20m-final/LoRaWAN_End_Node/Middlewares/Third_Party/LoRaWAN/LmHandler/LmHandler.c:1134:13:McpsConfirm	8	static
C:/Users/Owner/Music/workspace_waterlevel20m-final/LoRaWAN_End_Node/Middlewares/Third_Party/LoRaWAN/LmHandler/LmHandler.c:1513:13:LmHandlerPackageIsTxPending	8	static
C:/Users/Owner/Music/workspace_waterlevel20m-final/LoRaWAN_End_Node/Middlewares/Third_Party/LoRaWAN/LmHandler/LmHandler.c:1532:13:LmHandlerPackagesProcess	16	static
C:/Users/Owner/Music/workspace_waterlevel20m-final/LoRaWAN_End_Node/Middlewares/Third_Party/LoRaWAN/LmHandler/LmHandler.c:1546:13:LmHandlerOnTxFrameCtrlChanged	8	static
C:/Users/Owner/Music/workspace_waterlevel20m-final/LoRaWAN_End_Node/Middlewares/Third_Party/LoRaWAN/LmHandler/LmHandler.c:1556:13:LmHandlerOnPingSlotPeriodicityChanged	8	static
C:/Users/Owner/Music/workspace_waterlevel20m-final/LoRaWAN_End_Node/Middlewares/Third_Party/LoRaWAN/LmHandler/LmHandler.c:592:6:LmHandlerJoin	80	static
C:/Users/Owner/Music/workspace_waterlevel20m-final/LoRaWAN_End_Node/Middlewares/Third_Party/LoRaWAN/LmHandler/LmHandler.c:896:24:LmHandlerDeviceTimeReq	32	static
C:/Users/Owner/Music/workspace_waterlevel20m-final/LoRaWAN_End_Node/Middlewares/Third_Party/LoRaWAN/LmHandler/LmHandler.c:370:24:LmHandlerDeInit	8	static
C:/Users/Owner/Music/workspace_waterlevel20m-final/LoRaWAN_End_Node/Middlewares/Third_Party/LoRaWAN/LmHandler/LmHandler.c:587:13:LmHandlerGetDutyCycleWaitTime	0	static
C:/Users/Owner/Music/workspace_waterlevel20m-final/LoRaWAN_End_Node/Middlewares/Third_Party/LoRaWAN/LmHandler/LmHandler.c:672:23:LmHandlerJoinStatus	48	static
C:/Users/Owner/Music/workspace_waterlevel20m-final/LoRaWAN_End_Node/Middlewares/Third_Party/LoRaWAN/LmHandler/LmHandler.c:523:6:LmHandlerIsBusy	8	static
C:/Users/Owner/Music/workspace_waterlevel20m-final/LoRaWAN_End_Node/Middlewares/Third_Party/LoRaWAN/LmHandler/LmHandler.c:697:24:LmHandlerSend	40	static
C:/Users/Owner/Music/workspace_waterlevel20m-final/LoRaWAN_End_Node/Middlewares/Third_Party/LoRaWAN/LmHandler/LmHandler.c:551:6:LmHandlerProcess	16	static
C:/Users/Owner/Music/workspace_waterlevel20m-final/LoRaWAN_End_Node/Middlewares/Third_Party/LoRaWAN/LmHandler/LmHandler.c:797:24:LmHandlerSendForced	40	static
C:/Users/Owner/Music/workspace_waterlevel20m-final/LoRaWAN_End_Node/Middlewares/Third_Party/LoRaWAN/LmHandler/LmHandler.c:938:24:LmHandlerPingSlotReq	0	static
C:/Users/Owner/Music/workspace_waterlevel20m-final/LoRaWAN_End_Node/Middlewares/Third_Party/LoRaWAN/LmHandler/LmHandler.c:970:24:LmHandlerRequestClass	48	static
C:/Users/Owner/Music/workspace_waterlevel20m-final/LoRaWAN_End_Node/Middlewares/Third_Party/LoRaWAN/LmHandler/LmHandler.c:1067:24:LmHandlerGetCurrentClass	48	static
C:/Users/Owner/Music/workspace_waterlevel20m-final/LoRaWAN_End_Node/Middlewares/Third_Party/LoRaWAN/LmHandler/LmHandler.c:1152:13:McpsIndication	24	static
C:/Users/Owner/Music/workspace_waterlevel20m-final/LoRaWAN_End_Node/Middlewares/Third_Party/LoRaWAN/LmHandler/LmHandler.c:1085:24:LmHandlerGetTxDatarate	48	static
C:/Users/Owner/Music/workspace_waterlevel20m-final/LoRaWAN_End_Node/Middlewares/Third_Party/LoRaWAN/LmHandler/LmHandler.c:1104:24:LmHandlerGetActiveRegion	0	static
C:/Users/Owner/Music/workspace_waterlevel20m-final/LoRaWAN_End_Node/Middlewares/Third_Party/LoRaWAN/LmHandler/LmHandler.c:1115:24:LmHandlerSetSystemMaxRxError	48	static
C:/Users/Owner/Music/workspace_waterlevel20m-final/LoRaWAN_End_Node/Middlewares/Third_Party/LoRaWAN/LmHandler/LmHandler.c:385:24:LmHandlerConfigure	72	static
C:/Users/Owner/Music/workspace_waterlevel20m-final/LoRaWAN_End_Node/Middlewares/Third_Party/LoRaWAN/LmHandler/LmHandler.c:1405:24:LmHandlerPackageRegister	24	static
C:/Users/Owner/Music/workspace_waterlevel20m-final/LoRaWAN_End_Node/Middlewares/Third_Party/LoRaWAN/LmHandler/LmHandler.c:334:24:LmHandlerInit	16	static
C:/Users/Owner/Music/workspace_waterlevel20m-final/LoRaWAN_End_Node/Middlewares/Third_Party/LoRaWAN/LmHandler/LmHandler.c:1573:24:LmHandlerGetVersion	0	static
C:/Users/Owner/Music/workspace_waterlevel20m-final/LoRaWAN_End_Node/Middlewares/Third_Party/LoRaWAN/LmHandler/LmHandler.c:1595:24:LmHandlerStop	8	static
C:/Users/Owner/Music/workspace_waterlevel20m-final/LoRaWAN_End_Node/Middlewares/Third_Party/LoRaWAN/LmHandler/LmHandler.c:1607:24:LmHandlerHalt	8	static
C:/Users/Owner/Music/workspace_waterlevel20m-final/LoRaWAN_End_Node/Middlewares/Third_Party/LoRaWAN/LmHandler/LmHandler.c:1619:24:LmHandlerLinkCheckReq	32	static
C:/Users/Owner/Music/workspace_waterlevel20m-final/LoRaWAN_End_Node/Middlewares/Third_Party/LoRaWAN/LmHandler/LmHandler.c:1638:24:LmHandlerGetDevEUI	48	static
C:/Users/Owner/Music/workspace_waterlevel20m-final/LoRaWAN_End_Node/Middlewares/Third_Party/LoRaWAN/LmHandler/LmHandler.c:1655:24:LmHandlerSetDevEUI	48	static
C:/Users/Owner/Music/workspace_waterlevel20m-final/LoRaWAN_End_Node/Middlewares/Third_Party/LoRaWAN/LmHandler/LmHandler.c:1677:24:LmHandlerGetAppEUI	48	static
C:/Users/Owner/Music/workspace_waterlevel20m-final/LoRaWAN_End_Node/Middlewares/Third_Party/LoRaWAN/LmHandler/LmHandler.c:1695:24:LmHandlerSetAppEUI	48	static
C:/Users/Owner/Music/workspace_waterlevel20m-final/LoRaWAN_End_Node/Middlewares/Third_Party/LoRaWAN/LmHandler/LmHandler.c:1717:24:LmHandlerGetNetworkID	48	static
C:/Users/Owner/Music/workspace_waterlevel20m-final/LoRaWAN_End_Node/Middlewares/Third_Party/LoRaWAN/LmHandler/LmHandler.c:1735:24:LmHandlerSetNetworkID	48	static
C:/Users/Owner/Music/workspace_waterlevel20m-final/LoRaWAN_End_Node/Middlewares/Third_Party/LoRaWAN/LmHandler/LmHandler.c:1757:24:LmHandlerGetDevAddr	48	static
C:/Users/Owner/Music/workspace_waterlevel20m-final/LoRaWAN_End_Node/Middlewares/Third_Party/LoRaWAN/LmHandler/LmHandler.c:1775:24:LmHandlerSetDevAddr	48	static
C:/Users/Owner/Music/workspace_waterlevel20m-final/LoRaWAN_End_Node/Middlewares/Third_Party/LoRaWAN/LmHandler/LmHandler.c:1797:24:LmHandlerSetActiveRegion	8	static
C:/Users/Owner/Music/workspace_waterlevel20m-final/LoRaWAN_End_Node/Middlewares/Third_Party/LoRaWAN/LmHandler/LmHandler.c:1812:24:LmHandlerGetAdrEnable	0	static
C:/Users/Owner/Music/workspace_waterlevel20m-final/LoRaWAN_End_Node/Middlewares/Third_Party/LoRaWAN/LmHandler/LmHandler.c:1823:24:LmHandlerSetAdrEnable	48	static
C:/Users/Owner/Music/workspace_waterlevel20m-final/LoRaWAN_End_Node/Middlewares/Third_Party/LoRaWAN/LmHandler/LmHandler.c:1837:24:LmHandlerSetTxDatarate	48	static
C:/Users/Owner/Music/workspace_waterlevel20m-final/LoRaWAN_End_Node/Middlewares/Third_Party/LoRaWAN/LmHandler/LmHandler.c:1857:24:LmHandlerGetDutyCycleEnable	0	static
C:/Users/Owner/Music/workspace_waterlevel20m-final/LoRaWAN_End_Node/Middlewares/Third_Party/LoRaWAN/LmHandler/LmHandler.c:1868:24:LmHandlerSetDutyCycleEnable	8	static
C:/Users/Owner/Music/workspace_waterlevel20m-final/LoRaWAN_End_Node/Middlewares/Third_Party/LoRaWAN/LmHandler/LmHandler.c:1876:24:LmHandlerGetRX2Params	48	static
C:/Users/Owner/Music/workspace_waterlevel20m-final/LoRaWAN_End_Node/Middlewares/Third_Party/LoRaWAN/LmHandler/LmHandler.c:1896:24:LmHandlerGetTxPower	48	static
C:/Users/Owner/Music/workspace_waterlevel20m-final/LoRaWAN_End_Node/Middlewares/Third_Party/LoRaWAN/LmHandler/LmHandler.c:1212:13:MlmeConfirm	48	static
C:/Users/Owner/Music/workspace_waterlevel20m-final/LoRaWAN_End_Node/Middlewares/Third_Party/LoRaWAN/LmHandler/LmHandler.c:1915:24:LmHandlerGetRx1Delay	48	static
C:/Users/Owner/Music/workspace_waterlevel20m-final/LoRaWAN_End_Node/Middlewares/Third_Party/LoRaWAN/LmHandler/LmHandler.c:1933:24:LmHandlerGetRx2Delay	48	static
C:/Users/Owner/Music/workspace_waterlevel20m-final/LoRaWAN_End_Node/Middlewares/Third_Party/LoRaWAN/LmHandler/LmHandler.c:1951:24:LmHandlerGetJoinRx1Delay	48	static
C:/Users/Owner/Music/workspace_waterlevel20m-final/LoRaWAN_End_Node/Middlewares/Third_Party/LoRaWAN/LmHandler/LmHandler.c:1969:24:LmHandlerGetJoinRx2Delay	48	static
C:/Users/Owner/Music/workspace_waterlevel20m-final/LoRaWAN_End_Node/Middlewares/Third_Party/LoRaWAN/LmHandler/LmHandler.c:1987:24:LmHandlerSetTxPower	48	static
C:/Users/Owner/Music/workspace_waterlevel20m-final/LoRaWAN_End_Node/Middlewares/Third_Party/LoRaWAN/LmHandler/LmHandler.c:2002:24:LmHandlerSetRX2Params	48	static
C:/Users/Owner/Music/workspace_waterlevel20m-final/LoRaWAN_End_Node/Middlewares/Third_Party/LoRaWAN/LmHandler/LmHandler.c:2017:24:LmHandlerSetRx1Delay	48	static
C:/Users/Owner/Music/workspace_waterlevel20m-final/LoRaWAN_End_Node/Middlewares/Third_Party/LoRaWAN/LmHandler/LmHandler.c:2030:24:LmHandlerSetRx2Delay	48	static
C:/Users/Owner/Music/workspace_waterlevel20m-final/LoRaWAN_End_Node/Middlewares/Third_Party/LoRaWAN/LmHandler/LmHandler.c:2043:24:LmHandlerSetJoinRx1Delay	48	static
C:/Users/Owner/Music/workspace_waterlevel20m-final/LoRaWAN_End_Node/Middlewares/Third_Party/LoRaWAN/LmHandler/LmHandler.c:2056:24:LmHandlerSetJoinRx2Delay	48	static
C:/Users/Owner/Music/workspace_waterlevel20m-final/LoRaWAN_End_Node/Middlewares/Third_Party/LoRaWAN/LmHandler/LmHandler.c:2069:24:LmHandlerGetPingPeriodicity	0	static
C:/Users/Owner/Music/workspace_waterlevel20m-final/LoRaWAN_End_Node/Middlewares/Third_Party/LoRaWAN/LmHandler/LmHandler.c:2084:24:LmHandlerSetPingPeriodicity	0	static
C:/Users/Owner/Music/workspace_waterlevel20m-final/LoRaWAN_End_Node/Middlewares/Third_Party/LoRaWAN/LmHandler/LmHandler.c:2103:24:LmHandlerGetBeaconState	0	static
C:/Users/Owner/Music/workspace_waterlevel20m-final/LoRaWAN_End_Node/Middlewares/Third_Party/LoRaWAN/LmHandler/LmHandler.c:2125:24:LmHandlerGetKey	16	static
C:/Users/Owner/Music/workspace_waterlevel20m-final/LoRaWAN_End_Node/Middlewares/Third_Party/LoRaWAN/LmHandler/LmHandler.c:2152:24:LmHandlerSetKey	56	static
C:/Users/Owner/Music/workspace_waterlevel20m-final/LoRaWAN_End_Node/Middlewares/Third_Party/LoRaWAN/LmHandler/LmHandler.c:2182:24:LmHandlerNvmDataStore	48	static
