C:/Users/Owner/Music/workspace_waterlevel20m-final/LoRaWAN_End_Node/Middlewares/Third_Party/LoRaWAN/Mac/LoRaMac.c:995:13:UpdateRxSlotIdleState	0	static
C:/Users/Owner/Music/workspace_waterlevel20m-final/LoRaWAN_End_Node/Middlewares/Third_Party/LoRaWAN/Mac/LoRaMac.c:1944:13:LoRaMacEnableRequests	0	static
C:/Users/Owner/Music/workspace_waterlevel20m-final/LoRaWAN_End_Node/Middlewares/Third_Party/LoRaWAN/Mac/LoRaMac.c:1993:13:LoRaMacHandleIndicationEvents	8	static
C:/Users/Owner/Music/workspace_waterlevel20m-final/LoRaWAN_End_Node/Middlewares/Third_Party/LoRaWAN/Mac/LoRaMac.c:2170:13:CheckForMinimumAbpDatarate	0	static
C:/Users/Owner/Music/workspace_waterlevel20m-final/LoRaWAN_End_Node/Middlewares/Third_Party/LoRaWAN/Mac/LoRaMac.c:2182:13:LoRaMacCheckForRxAbort	0	static
C:/Users/Owner/Music/workspace_waterlevel20m-final/LoRaWAN_End_Node/Middlewares/Third_Party/LoRaWAN/Mac/LoRaMac.c:4240:13:CalculateBackOff	0	static
C:/Users/Owner/Music/workspace_waterlevel20m-final/LoRaWAN_End_Node/Middlewares/Third_Party/LoRaWAN/Mac/LoRaMac.c:4653:24:SetTxContinuousWave	8	static
C:/Users/Owner/Music/workspace_waterlevel20m-final/LoRaWAN_End_Node/Middlewares/Third_Party/LoRaWAN/Mac/LoRaMac.c:4748:24:DetermineFrameType	0	static
C:/Users/Owner/Music/workspace_waterlevel20m-final/LoRaWAN_End_Node/Middlewares/Third_Party/LoRaWAN/Mac/LoRaMac.c:4845:13:CheckRetrans	0	static
C:/Users/Owner/Music/workspace_waterlevel20m-final/LoRaWAN_End_Node/Middlewares/Third_Party/LoRaWAN/Mac/LoRaMac.c:4854:13:CheckRetransUnconfirmedUplink	8	static
C:/Users/Owner/Music/workspace_waterlevel20m-final/LoRaWAN_End_Node/Middlewares/Third_Party/LoRaWAN/Mac/LoRaMac.c:4876:13:CheckRetransConfirmedUplink	8	static
C:/Users/Owner/Music/workspace_waterlevel20m-final/LoRaWAN_End_Node/Middlewares/Third_Party/LoRaWAN/Mac/LoRaMac.c:4895:17:IncreaseAdrAckCounter	0	static
C:/Users/Owner/Music/workspace_waterlevel20m-final/LoRaWAN_End_Node/Middlewares/Third_Party/LoRaWAN/Mac/LoRaMac.c:4905:13:StopRetransmission	8	static
C:/Users/Owner/Music/workspace_waterlevel20m-final/LoRaWAN_End_Node/Middlewares/Third_Party/LoRaWAN/Mac/LoRaMac.c:4963:13:OnMacProcessNotify	8	static
C:/Users/Owner/Music/workspace_waterlevel20m-final/LoRaWAN_End_Node/Middlewares/Third_Party/LoRaWAN/Mac/LoRaMac.c:980:13:OnRadioRxError	8	static
C:/Users/Owner/Music/workspace_waterlevel20m-final/LoRaWAN_End_Node/Middlewares/Third_Party/LoRaWAN/Mac/LoRaMac.c:4971:13:CallNvmDataChangeCallback	8	static
C:/Users/Owner/Music/workspace_waterlevel20m-final/LoRaWAN_End_Node/Middlewares/Third_Party/LoRaWAN/Mac/LoRaMac.c:5016:16:IsRequestPending	0	static
C:/Users/Owner/Music/workspace_waterlevel20m-final/LoRaWAN_End_Node/Middlewares/Third_Party/LoRaWAN/Mac/LoRaMac.c:2646:16:GetMaxAppPayloadWithoutFOptsLength	24	static
C:/Users/Owner/Music/workspace_waterlevel20m-final/LoRaWAN_End_Node/Middlewares/Third_Party/LoRaWAN/Mac/LoRaMac.c:2666:13:ValidatePayloadLength	16	static
C:/Users/Owner/Music/workspace_waterlevel20m-final/LoRaWAN_End_Node/Middlewares/Third_Party/LoRaWAN/Mac/LoRaMac.c:1007:13:ProcessRadioTxDone	80	static,ignoring_inline_asm
C:/Users/Owner/Music/workspace_waterlevel20m-final/LoRaWAN_End_Node/Middlewares/Third_Party/LoRaWAN/Mac/LoRaMac.c:2472:13:OnRetransmitTimeoutTimerEvent	8	static
C:/Users/Owner/Music/workspace_waterlevel20m-final/LoRaWAN_End_Node/Middlewares/Third_Party/LoRaWAN/Mac/LoRaMac.c:1092:13:PrepareRxDoneAbort	8	static
C:/Users/Owner/Music/workspace_waterlevel20m-final/LoRaWAN_End_Node/Middlewares/Third_Party/LoRaWAN/Mac/LoRaMac.c:2155:16:LoRaMacCheckForBeaconAcquisition	8	static
C:/Users/Owner/Music/workspace_waterlevel20m-final/LoRaWAN_End_Node/Middlewares/Third_Party/LoRaWAN/Mac/LoRaMac.c:2483:30:GetFCntDown	16	static
C:/Users/Owner/Music/workspace_waterlevel20m-final/LoRaWAN_End_Node/Middlewares/Third_Party/LoRaWAN/Mac/LoRaMac.c:4252:13:RemoveMacCommands	8	static
C:/Users/Owner/Music/workspace_waterlevel20m-final/LoRaWAN_End_Node/Middlewares/Third_Party/LoRaWAN/Mac/LoRaMac.c:2684:13:ProcessMacCommands	96	static
C:/Users/Owner/Music/workspace_waterlevel20m-final/LoRaWAN_End_Node/Middlewares/Third_Party/LoRaWAN/Mac/LoRaMac.c:1111:13:ProcessRadioRxDone	176	static
C:/Users/Owner/Music/workspace_waterlevel20m-final/LoRaWAN_End_Node/Middlewares/Third_Party/LoRaWAN/Mac/LoRaMac.c:1779:13:ProcessRadioTxTimeout	8	static
C:/Users/Owner/Music/workspace_waterlevel20m-final/LoRaWAN_End_Node/Middlewares/Third_Party/LoRaWAN/Mac/LoRaMac.c:3979:24:CheckForClassBCollision	8	static
C:/Users/Owner/Music/workspace_waterlevel20m-final/LoRaWAN_End_Node/Middlewares/Third_Party/LoRaWAN/Mac/LoRaMac.c:1800:13:HandleRadioRxErrorTimeout	24	static
C:/Users/Owner/Music/workspace_waterlevel20m-final/LoRaWAN_End_Node/Middlewares/Third_Party/LoRaWAN/Mac/LoRaMac.c:1869:13:ProcessRadioRxError	8	static
C:/Users/Owner/Music/workspace_waterlevel20m-final/LoRaWAN_End_Node/Middlewares/Third_Party/LoRaWAN/Mac/LoRaMac.c:1874:13:ProcessRadioRxTimeout	8	static
C:/Users/Owner/Music/workspace_waterlevel20m-final/LoRaWAN_End_Node/Middlewares/Third_Party/LoRaWAN/Mac/LoRaMac.c:1879:13:LoRaMacHandleIrqEvents	8	static,ignoring_inline_asm
C:/Users/Owner/Music/workspace_waterlevel20m-final/LoRaWAN_End_Node/Middlewares/Third_Party/LoRaWAN/Mac/LoRaMac.c:2268:13:LoRaMacHandleResponseTimeout	8	static
C:/Users/Owner/Music/workspace_waterlevel20m-final/LoRaWAN_End_Node/Middlewares/Third_Party/LoRaWAN/Mac/LoRaMac.c:2118:13:LoRaMacHandleMlmeRequest	8	static
C:/Users/Owner/Music/workspace_waterlevel20m-final/LoRaWAN_End_Node/Middlewares/Third_Party/LoRaWAN/Mac/LoRaMac.c:4048:24:SerializeTxFrame	8	static
C:/Users/Owner/Music/workspace_waterlevel20m-final/LoRaWAN_End_Node/Middlewares/Third_Party/LoRaWAN/Mac/LoRaMac.c:4000:13:ComputeRxWindowParameters	24	static
C:/Users/Owner/Music/workspace_waterlevel20m-final/LoRaWAN_End_Node/Middlewares/Third_Party/LoRaWAN/Mac/LoRaMac.c:4029:24:VerifyTxFrame	16	static
C:/Users/Owner/Music/workspace_waterlevel20m-final/LoRaWAN_End_Node/Middlewares/Third_Party/LoRaWAN/Mac/LoRaMac.c:4176:24:SecureFrame	24	static
C:/Users/Owner/Music/workspace_waterlevel20m-final/LoRaWAN_End_Node/Middlewares/Third_Party/LoRaWAN/Mac/LoRaMac.c:4553:24:SendFrameOnChannel	40	static
C:/Users/Owner/Music/workspace_waterlevel20m-final/LoRaWAN_End_Node/Middlewares/Third_Party/LoRaWAN/Mac/LoRaMac.c:4096:24:ScheduleTx	72	static
C:/Users/Owner/Music/workspace_waterlevel20m-final/LoRaWAN_End_Node/Middlewares/Third_Party/LoRaWAN/Mac/LoRaMac.c:2327:13:OnTxDelayedTimerEvent	8	static
C:/Users/Owner/Music/workspace_waterlevel20m-final/LoRaWAN_End_Node/Middlewares/Third_Party/LoRaWAN/Mac/LoRaMac.c:2049:13:LoRaMacHandleMcpsRequest	8	static
C:/Users/Owner/Music/workspace_waterlevel20m-final/LoRaWAN_End_Node/Middlewares/Third_Party/LoRaWAN/Mac/LoRaMac.c:1949:13:LoRaMacHandleRequestEvents	16	static
C:/Users/Owner/Music/workspace_waterlevel20m-final/LoRaWAN_End_Node/Middlewares/Third_Party/LoRaWAN/Mac/LoRaMac.c:4418:13:OpenContinuousRxCWindow	24	static
C:/Users/Owner/Music/workspace_waterlevel20m-final/LoRaWAN_End_Node/Middlewares/Third_Party/LoRaWAN/Mac/LoRaMac.c:4403:13:RxWindowSetup	16	static
C:/Users/Owner/Music/workspace_waterlevel20m-final/LoRaWAN_End_Node/Middlewares/Third_Party/LoRaWAN/Mac/LoRaMac.c:2380:13:OnRxWindow2TimerEvent	8	static
C:/Users/Owner/Music/workspace_waterlevel20m-final/LoRaWAN_End_Node/Middlewares/Third_Party/LoRaWAN/Mac/LoRaMac.c:2365:13:OnRxWindow1TimerEvent	8	static
C:/Users/Owner/Music/workspace_waterlevel20m-final/LoRaWAN_End_Node/Middlewares/Third_Party/LoRaWAN/Mac/LoRaMac.c:2192:13:LoRaMacHandleNvm	16	static
C:/Users/Owner/Music/workspace_waterlevel20m-final/LoRaWAN_End_Node/Middlewares/Third_Party/LoRaWAN/Mac/LoRaMac.c:4663:24:RestoreNvmData	16	static
C:/Users/Owner/Music/workspace_waterlevel20m-final/LoRaWAN_End_Node/Middlewares/Third_Party/LoRaWAN/Mac/LoRaMac.c:987:13:OnRadioRxTimeout	8	static
C:/Users/Owner/Music/workspace_waterlevel20m-final/LoRaWAN_End_Node/Middlewares/Third_Party/LoRaWAN/Mac/LoRaMac.c:972:13:OnRadioTxTimeout	8	static
C:/Users/Owner/Music/workspace_waterlevel20m-final/LoRaWAN_End_Node/Middlewares/Third_Party/LoRaWAN/Mac/LoRaMac.c:949:13:OnRadioRxDone	24	static
C:/Users/Owner/Music/workspace_waterlevel20m-final/LoRaWAN_End_Node/Middlewares/Third_Party/LoRaWAN/Mac/LoRaMac.c:938:13:OnRadioTxDone	16	static
C:/Users/Owner/Music/workspace_waterlevel20m-final/LoRaWAN_End_Node/Middlewares/Third_Party/LoRaWAN/Mac/LoRaMac.c:4272:13:ResetMacParameters	88	static
C:/Users/Owner/Music/workspace_waterlevel20m-final/LoRaWAN_End_Node/Middlewares/Third_Party/LoRaWAN/Mac/LoRaMac.c:2540:24:SwitchClass	16	static
C:/Users/Owner/Music/workspace_waterlevel20m-final/LoRaWAN_End_Node/Middlewares/Third_Party/LoRaWAN/Mac/LoRaMac.c:3882:24:SendReJoinReq	16	static
C:/Users/Owner/Music/workspace_waterlevel20m-final/LoRaWAN_End_Node/Middlewares/Third_Party/LoRaWAN/Mac/LoRaMac.c:4444:24:PrepareFrame	40	static
C:/Users/Owner/Music/workspace_waterlevel20m-final/LoRaWAN_End_Node/Middlewares/Third_Party/LoRaWAN/Mac/LoRaMac.c:3790:24:Send	72	static
C:/Users/Owner/Music/workspace_waterlevel20m-final/LoRaWAN_End_Node/Middlewares/Third_Party/LoRaWAN/Mac/LoRaMac.c:1913:6:LoRaMacIsBusy	0	static
C:/Users/Owner/Music/workspace_waterlevel20m-final/LoRaWAN_End_Node/Middlewares/Third_Party/LoRaWAN/Mac/LoRaMac.c:1935:6:LoRaMacIsStopped	0	static
C:/Users/Owner/Music/workspace_waterlevel20m-final/LoRaWAN_End_Node/Middlewares/Third_Party/LoRaWAN/Mac/LoRaMac.c:2283:6:LoRaMacProcess	8	static
C:/Users/Owner/Music/workspace_waterlevel20m-final/LoRaWAN_End_Node/Middlewares/Third_Party/LoRaWAN/Mac/LoRaMac.c:5026:17:LoRaMacInitialization	88	static
C:/Users/Owner/Music/workspace_waterlevel20m-final/LoRaWAN_End_Node/Middlewares/Third_Party/LoRaWAN/Mac/LoRaMac.c:5252:17:LoRaMacStart	8	static
C:/Users/Owner/Music/workspace_waterlevel20m-final/LoRaWAN_End_Node/Middlewares/Third_Party/LoRaWAN/Mac/LoRaMac.c:5259:17:LoRaMacStop	8	static
C:/Users/Owner/Music/workspace_waterlevel20m-final/LoRaWAN_End_Node/Middlewares/Third_Party/LoRaWAN/Mac/LoRaMac.c:5277:17:LoRaMacHalt	16	static
C:/Users/Owner/Music/workspace_waterlevel20m-final/LoRaWAN_End_Node/Middlewares/Third_Party/LoRaWAN/Mac/LoRaMac.c:5309:17:LoRaMacQueryTxPossible	56	static
C:/Users/Owner/Music/workspace_waterlevel20m-final/LoRaWAN_End_Node/Middlewares/Third_Party/LoRaWAN/Mac/LoRaMac.c:5379:17:LoRaMacMibGetRequestConfirm	24	static
C:/Users/Owner/Music/workspace_waterlevel20m-final/LoRaWAN_End_Node/Middlewares/Third_Party/LoRaWAN/Mac/LoRaMac.c:5667:17:LoRaMacMibSetRequestConfirm	32	static
C:/Users/Owner/Music/workspace_waterlevel20m-final/LoRaWAN_End_Node/Middlewares/Third_Party/LoRaWAN/Mac/LoRaMac.c:6449:17:LoRaMacChannelAdd	32	static
C:/Users/Owner/Music/workspace_waterlevel20m-final/LoRaWAN_End_Node/Middlewares/Third_Party/LoRaWAN/Mac/LoRaMac.c:6467:17:LoRaMacChannelRemove	16	static
C:/Users/Owner/Music/workspace_waterlevel20m-final/LoRaWAN_End_Node/Middlewares/Third_Party/LoRaWAN/Mac/LoRaMac.c:6488:17:LoRaMacMcChannelSetup	16	static
C:/Users/Owner/Music/workspace_waterlevel20m-final/LoRaWAN_End_Node/Middlewares/Third_Party/LoRaWAN/Mac/LoRaMac.c:6532:17:LoRaMacMcChannelDelete	48	static
C:/Users/Owner/Music/workspace_waterlevel20m-final/LoRaWAN_End_Node/Middlewares/Third_Party/LoRaWAN/Mac/LoRaMac.c:6555:9:LoRaMacMcChannelGetGroupId	0	static
C:/Users/Owner/Music/workspace_waterlevel20m-final/LoRaWAN_End_Node/Middlewares/Third_Party/LoRaWAN/Mac/LoRaMac.c:6567:17:LoRaMacMcChannelSetupRxParams	32	static
C:/Users/Owner/Music/workspace_waterlevel20m-final/LoRaWAN_End_Node/Middlewares/Third_Party/LoRaWAN/Mac/LoRaMac.c:6638:17:LoRaMacProcessMicForDatablock	16	static
C:/Users/Owner/Music/workspace_waterlevel20m-final/LoRaWAN_End_Node/Middlewares/Third_Party/LoRaWAN/Mac/LoRaMac.c:6651:17:LoRaMacMlmeRequest	40	static
C:/Users/Owner/Music/workspace_waterlevel20m-final/LoRaWAN_End_Node/Middlewares/Third_Party/LoRaWAN/Mac/LoRaMac.c:6895:17:LoRaMacMcpsRequest	104	static
C:/Users/Owner/Music/workspace_waterlevel20m-final/LoRaWAN_End_Node/Middlewares/Third_Party/LoRaWAN/Mac/LoRaMac.c:7192:6:LoRaMacTestSetDutyCycleOn	16	static
C:/Users/Owner/Music/workspace_waterlevel20m-final/LoRaWAN_End_Node/Middlewares/Third_Party/LoRaWAN/Mac/LoRaMac.c:7206:17:LoRaMacDeInitialization	16	static
