C:/Users/Owner/Music/workspace_waterlevel20m-final/LoRaWAN_End_Node/Middlewares/Third_Party/LoRaWAN/Mac/LoRaMacCrypto.c:379:30:PrepareB0	4	static
C:/Users/Owner/Music/workspace_waterlevel20m-final/LoRaWAN_End_Node/Middlewares/Third_Party/LoRaWAN/Mac/LoRaMacCrypto.c:620:30:PrepareB0ForDataBlock	4	static
C:/Users/Owner/Music/workspace_waterlevel20m-final/LoRaWAN_End_Node/Middlewares/Third_Party/LoRaWAN/Mac/LoRaMacCrypto.c:692:30:GetKeyAddrItem	0	static
C:/Users/Owner/Music/workspace_waterlevel20m-final/LoRaWAN_End_Node/Middlewares/Third_Party/LoRaWAN/Mac/LoRaMacCrypto.c:858:30:GetLastFcntDown	0	static
C:/Users/Owner/Music/workspace_waterlevel20m-final/LoRaWAN_End_Node/Middlewares/Third_Party/LoRaWAN/Mac/LoRaMacCrypto.c:909:13:CheckFCntDown	16	static
C:/Users/Owner/Music/workspace_waterlevel20m-final/LoRaWAN_End_Node/Middlewares/Third_Party/LoRaWAN/Mac/LoRaMacCrypto.c:936:13:UpdateFCntDown	0	static
C:/Users/Owner/Music/workspace_waterlevel20m-final/LoRaWAN_End_Node/Middlewares/Third_Party/LoRaWAN/Mac/LoRaMacCrypto.c:980:13:ResetFCnts	0	static
C:/Users/Owner/Music/workspace_waterlevel20m-final/LoRaWAN_End_Node/Middlewares/Third_Party/LoRaWAN/Mac/LoRaMacCrypto.c:994:13:IsJoinNonce10xOk	0	static
C:/Users/Owner/Music/workspace_waterlevel20m-final/LoRaWAN_End_Node/Middlewares/Third_Party/LoRaWAN/Mac/LoRaMacCrypto.c:443:30:ComputeCmacB0	56	static
C:/Users/Owner/Music/workspace_waterlevel20m-final/LoRaWAN_End_Node/Middlewares/Third_Party/LoRaWAN/Mac/LoRaMacCrypto.c:666:30:ComputeCmacB0ForDataBlock	48	static
C:/Users/Owner/Music/workspace_waterlevel20m-final/LoRaWAN_End_Node/Middlewares/Third_Party/LoRaWAN/Mac/LoRaMacCrypto.c:714:30:DeriveSessionKey10x	24	static
C:/Users/Owner/Music/workspace_waterlevel20m-final/LoRaWAN_End_Node/Middlewares/Third_Party/LoRaWAN/Mac/LoRaMacCrypto.c:237:30:PayloadEncrypt	56	static
C:/Users/Owner/Music/workspace_waterlevel20m-final/LoRaWAN_End_Node/Middlewares/Third_Party/LoRaWAN/Mac/LoRaMacCrypto.c:479:30:VerifyCmacB0	312	static
C:/Users/Owner/Music/workspace_waterlevel20m-final/LoRaWAN_End_Node/Middlewares/Third_Party/LoRaWAN/Mac/LoRaMacCrypto.c:61:6:check_page_for_empty	136	static
C:/Users/Owner/Music/workspace_waterlevel20m-final/LoRaWAN_End_Node/Middlewares/Third_Party/LoRaWAN/Mac/LoRaMacCrypto.c:102:10:read_devnonce_from_flash	128	static
C:/Users/Owner/Music/workspace_waterlevel20m-final/LoRaWAN_End_Node/Middlewares/Third_Party/LoRaWAN/Mac/LoRaMacCrypto.c:1015:23:LoRaMacCryptoInit	16	static
C:/Users/Owner/Music/workspace_waterlevel20m-final/LoRaWAN_End_Node/Middlewares/Third_Party/LoRaWAN/Mac/LoRaMacCrypto.c:1041:23:LoRaMacCryptoSetLrWanVersion	0	static
C:/Users/Owner/Music/workspace_waterlevel20m-final/LoRaWAN_End_Node/Middlewares/Third_Party/LoRaWAN/Mac/LoRaMacCrypto.c:1047:23:LoRaMacCryptoGetFCntUp	0	static
C:/Users/Owner/Music/workspace_waterlevel20m-final/LoRaWAN_End_Node/Middlewares/Third_Party/LoRaWAN/Mac/LoRaMacCrypto.c:1113:23:LoRaMacCryptoGetFCntDown	24	static
C:/Users/Owner/Music/workspace_waterlevel20m-final/LoRaWAN_End_Node/Middlewares/Third_Party/LoRaWAN/Mac/LoRaMacCrypto.c:1159:23:LoRaMacCryptoGetRJcount	0	static
C:/Users/Owner/Music/workspace_waterlevel20m-final/LoRaWAN_End_Node/Middlewares/Third_Party/LoRaWAN/Mac/LoRaMacCrypto.c:1183:23:LoRaMacCryptoSetMulticastReference	0	static
C:/Users/Owner/Music/workspace_waterlevel20m-final/LoRaWAN_End_Node/Middlewares/Third_Party/LoRaWAN/Mac/LoRaMacCrypto.c:1223:23:LoRaMacCryptoPrepareJoinRequest	16	static
C:/Users/Owner/Music/workspace_waterlevel20m-final/LoRaWAN_End_Node/Middlewares/Third_Party/LoRaWAN/Mac/LoRaMacCrypto.c:1275:23:LoRaMacCryptoPrepareReJoinType1	0	static
C:/Users/Owner/Music/workspace_waterlevel20m-final/LoRaWAN_End_Node/Middlewares/Third_Party/LoRaWAN/Mac/LoRaMacCrypto.c:1317:23:LoRaMacCryptoPrepareReJoinType0or2	0	static
C:/Users/Owner/Music/workspace_waterlevel20m-final/LoRaWAN_End_Node/Middlewares/Third_Party/LoRaWAN/Mac/LoRaMacCrypto.c:1541:23:LoRaMacCryptoSecureMessage	32	static
C:/Users/Owner/Music/workspace_waterlevel20m-final/LoRaWAN_End_Node/Middlewares/Third_Party/LoRaWAN/Mac/LoRaMacCrypto.c:1645:23:LoRaMacCryptoUnsecureMessage	56	static
C:/Users/Owner/Music/workspace_waterlevel20m-final/LoRaWAN_End_Node/Middlewares/Third_Party/LoRaWAN/Mac/LoRaMacCrypto.c:1739:23:LoRaMacCryptoComputeDataBlock	24	static
C:/Users/Owner/Music/workspace_waterlevel20m-final/LoRaWAN_End_Node/Middlewares/Third_Party/LoRaWAN/Mac/LoRaMacCrypto.c:1753:23:LoRaMacCryptoDeriveLifeTimeKey	24	static
C:/Users/Owner/Music/workspace_waterlevel20m-final/LoRaWAN_End_Node/Middlewares/Third_Party/LoRaWAN/Mac/LoRaMacCrypto.c:1198:23:LoRaMacCryptoSetKey	8	static
C:/Users/Owner/Music/workspace_waterlevel20m-final/LoRaWAN_End_Node/Middlewares/Third_Party/LoRaWAN/Mac/LoRaMacCrypto.c:1359:23:LoRaMacCryptoHandleJoinAccept	80	static
C:/Users/Owner/Music/workspace_waterlevel20m-final/LoRaWAN_End_Node/Middlewares/Third_Party/LoRaWAN/Mac/LoRaMacCrypto.c:1783:23:LoRaMacCryptoDeriveMcSessionKeyPair	48	static
