C:/Users/Owner/Music/workspace_waterlevel20m-final/LoRaWAN_End_Node/Middlewares/Third_Party/LoRaWAN/Crypto/soft-se.c:370:30:GetKeyByID	4	static
C:/Users/Owner/Music/workspace_waterlevel20m-final/LoRaWAN_End_Node/Middlewares/Third_Party/LoRaWAN/Crypto/soft-se.c:421:30:ComputeCmac	328	static
C:/Users/Owner/Music/workspace_waterlevel20m-final/LoRaWAN_End_Node/Middlewares/Third_Party/LoRaWAN/Crypto/soft-se.c:579:23:SecureElementInit	256	static
C:/Users/Owner/Music/workspace_waterlevel20m-final/LoRaWAN_End_Node/Middlewares/Third_Party/LoRaWAN/Crypto/soft-se.c:749:23:SecureElementGetKeyByID	4	static
C:/Users/Owner/Music/workspace_waterlevel20m-final/LoRaWAN_End_Node/Middlewares/Third_Party/LoRaWAN/Crypto/soft-se.c:316:13:PrintKey	136	static
C:/Users/Owner/Music/workspace_waterlevel20m-final/LoRaWAN_End_Node/Middlewares/Third_Party/LoRaWAN/Crypto/soft-se.c:845:23:SecureElementDeleteDynamicKey	0	static
C:/Users/Owner/Music/workspace_waterlevel20m-final/LoRaWAN_End_Node/Middlewares/Third_Party/LoRaWAN/Crypto/soft-se.c:917:23:SecureElementSetObjHandler	0	static
C:/Users/Owner/Music/workspace_waterlevel20m-final/LoRaWAN_End_Node/Middlewares/Third_Party/LoRaWAN/Crypto/soft-se.c:1060:23:SecureElementSetID	0	static
C:/Users/Owner/Music/workspace_waterlevel20m-final/LoRaWAN_End_Node/Middlewares/Third_Party/LoRaWAN/Crypto/soft-se.c:1136:23:SecureElementComputeAesCmac	16	static
C:/Users/Owner/Music/workspace_waterlevel20m-final/LoRaWAN_End_Node/Middlewares/Third_Party/LoRaWAN/Crypto/soft-se.c:1148:23:SecureElementVerifyAesCmac	24	static
C:/Users/Owner/Music/workspace_waterlevel20m-final/LoRaWAN_End_Node/Middlewares/Third_Party/LoRaWAN/Crypto/soft-se.c:1217:23:SecureElementAesEncrypt	272	static
C:/Users/Owner/Music/workspace_waterlevel20m-final/LoRaWAN_End_Node/Middlewares/Third_Party/LoRaWAN/Crypto/soft-se.c:934:23:SecureElementSetKey	32	static
C:/Users/Owner/Music/workspace_waterlevel20m-final/LoRaWAN_End_Node/Middlewares/Third_Party/LoRaWAN/Crypto/soft-se.c:1306:23:SecureElementDeriveAndStoreKey	24	static
C:/Users/Owner/Music/workspace_waterlevel20m-final/LoRaWAN_End_Node/Middlewares/Third_Party/LoRaWAN/Crypto/soft-se.c:1396:23:SecureElementProcessJoinAccept	24	static
C:/Users/Owner/Music/workspace_waterlevel20m-final/LoRaWAN_End_Node/Middlewares/Third_Party/LoRaWAN/Crypto/soft-se.c:1506:23:SecureElementSetDevEui	8	static
C:/Users/Owner/Music/workspace_waterlevel20m-final/LoRaWAN_End_Node/Middlewares/Third_Party/LoRaWAN/Crypto/soft-se.c:1531:23:SecureElementGetDevEui	8	static
C:/Users/Owner/Music/workspace_waterlevel20m-final/LoRaWAN_End_Node/Middlewares/Third_Party/LoRaWAN/Crypto/soft-se.c:1555:23:SecureElementSetJoinEui	8	static
C:/Users/Owner/Music/workspace_waterlevel20m-final/LoRaWAN_End_Node/Middlewares/Third_Party/LoRaWAN/Crypto/soft-se.c:1580:23:SecureElementGetJoinEui	8	static
C:/Users/Owner/Music/workspace_waterlevel20m-final/LoRaWAN_End_Node/Middlewares/Third_Party/LoRaWAN/Crypto/soft-se.c:1604:23:SecureElementSetDevAddr	0	static
C:/Users/Owner/Music/workspace_waterlevel20m-final/LoRaWAN_End_Node/Middlewares/Third_Party/LoRaWAN/Crypto/soft-se.c:1649:23:SecureElementGetDevAddr	0	static
C:/Users/Owner/Music/workspace_waterlevel20m-final/LoRaWAN_End_Node/Middlewares/Third_Party/LoRaWAN/Crypto/soft-se.c:710:23:SecureElementInitMcuID	32	static
C:/Users/Owner/Music/workspace_waterlevel20m-final/LoRaWAN_End_Node/Middlewares/Third_Party/LoRaWAN/Crypto/soft-se.c:349:13:PrintIds	80	static
C:/Users/Owner/Music/workspace_waterlevel20m-final/LoRaWAN_End_Node/Middlewares/Third_Party/LoRaWAN/Crypto/soft-se.c:810:23:SecureElementPrintKeys	8	static
C:/Users/Owner/Music/workspace_waterlevel20m-final/LoRaWAN_End_Node/Middlewares/Third_Party/LoRaWAN/Crypto/soft-se.c:827:23:SecureElementPrintSessionKeys	8	static
