C:/Users/Owner/Music/workspace_waterlevel20m-final/LoRaWAN_End_Node/Middlewares/Third_Party/LoRaWAN/Crypto/soft-se.c:370:30:GetKeyByID	4	static
C:/Users/Owner/Music/workspace_waterlevel20m-final/LoRaWAN_End_Node/Middlewares/Third_Party/LoRaWAN/Crypto/soft-se.c:421:30:ComputeCmac	328	static
C:/Users/Owner/Music/workspace_waterlevel20m-final/LoRaWAN_End_Node/Middlewares/Third_Party/LoRaWAN/Crypto/soft-se.c:579:23:SecureElementInit	264	static
C:/Users/Owner/Music/workspace_waterlevel20m-final/LoRaWAN_End_Node/Middlewares/Third_Party/LoRaWAN/Crypto/soft-se.c:785:23:SecureElementGetKeyByID	4	static
C:/Users/Owner/Music/workspace_waterlevel20m-final/LoRaWAN_End_Node/Middlewares/Third_Party/LoRaWAN/Crypto/soft-se.c:316:13:PrintKey	136	static
C:/Users/Owner/Music/workspace_waterlevel20m-final/LoRaWAN_End_Node/Middlewares/Third_Party/LoRaWAN/Crypto/soft-se.c:881:23:SecureElementDeleteDynamicKey	0	static
C:/Users/Owner/Music/workspace_waterlevel20m-final/LoRaWAN_End_Node/Middlewares/Third_Party/LoRaWAN/Crypto/soft-se.c:953:23:SecureElementSetObjHandler	0	static
C:/Users/Owner/Music/workspace_waterlevel20m-final/LoRaWAN_End_Node/Middlewares/Third_Party/LoRaWAN/Crypto/soft-se.c:1096:23:SecureElementSetID	0	static
C:/Users/Owner/Music/workspace_waterlevel20m-final/LoRaWAN_End_Node/Middlewares/Third_Party/LoRaWAN/Crypto/soft-se.c:1172:23:SecureElementComputeAesCmac	16	static
C:/Users/Owner/Music/workspace_waterlevel20m-final/LoRaWAN_End_Node/Middlewares/Third_Party/LoRaWAN/Crypto/soft-se.c:1184:23:SecureElementVerifyAesCmac	24	static
C:/Users/Owner/Music/workspace_waterlevel20m-final/LoRaWAN_End_Node/Middlewares/Third_Party/LoRaWAN/Crypto/soft-se.c:1253:23:SecureElementAesEncrypt	272	static
C:/Users/Owner/Music/workspace_waterlevel20m-final/LoRaWAN_End_Node/Middlewares/Third_Party/LoRaWAN/Crypto/soft-se.c:970:23:SecureElementSetKey	32	static
C:/Users/Owner/Music/workspace_waterlevel20m-final/LoRaWAN_End_Node/Middlewares/Third_Party/LoRaWAN/Crypto/soft-se.c:1342:23:SecureElementDeriveAndStoreKey	24	static
C:/Users/Owner/Music/workspace_waterlevel20m-final/LoRaWAN_End_Node/Middlewares/Third_Party/LoRaWAN/Crypto/soft-se.c:1432:23:SecureElementProcessJoinAccept	24	static
C:/Users/Owner/Music/workspace_waterlevel20m-final/LoRaWAN_End_Node/Middlewares/Third_Party/LoRaWAN/Crypto/soft-se.c:1542:23:SecureElementSetDevEui	8	static
C:/Users/Owner/Music/workspace_waterlevel20m-final/LoRaWAN_End_Node/Middlewares/Third_Party/LoRaWAN/Crypto/soft-se.c:1567:23:SecureElementGetDevEui	8	static
C:/Users/Owner/Music/workspace_waterlevel20m-final/LoRaWAN_End_Node/Middlewares/Third_Party/LoRaWAN/Crypto/soft-se.c:1591:23:SecureElementSetJoinEui	8	static
C:/Users/Owner/Music/workspace_waterlevel20m-final/LoRaWAN_End_Node/Middlewares/Third_Party/LoRaWAN/Crypto/soft-se.c:1616:23:SecureElementGetJoinEui	8	static
C:/Users/Owner/Music/workspace_waterlevel20m-final/LoRaWAN_End_Node/Middlewares/Third_Party/LoRaWAN/Crypto/soft-se.c:1640:23:SecureElementSetDevAddr	0	static
C:/Users/Owner/Music/workspace_waterlevel20m-final/LoRaWAN_End_Node/Middlewares/Third_Party/LoRaWAN/Crypto/soft-se.c:1685:23:SecureElementGetDevAddr	0	static
C:/Users/Owner/Music/workspace_waterlevel20m-final/LoRaWAN_End_Node/Middlewares/Third_Party/LoRaWAN/Crypto/soft-se.c:746:23:SecureElementInitMcuID	32	static
C:/Users/Owner/Music/workspace_waterlevel20m-final/LoRaWAN_End_Node/Middlewares/Third_Party/LoRaWAN/Crypto/soft-se.c:349:13:PrintIds	80	static
C:/Users/Owner/Music/workspace_waterlevel20m-final/LoRaWAN_End_Node/Middlewares/Third_Party/LoRaWAN/Crypto/soft-se.c:846:23:SecureElementPrintKeys	8	static
C:/Users/Owner/Music/workspace_waterlevel20m-final/LoRaWAN_End_Node/Middlewares/Third_Party/LoRaWAN/Crypto/soft-se.c:863:23:SecureElementPrintSessionKeys	8	static
