C:/Users/Owner/Music/workspace_waterlevel20m-final/LoRaWAN_End_Node/Middlewares/Third_Party/LoRaWAN/Crypto/soft-se.c:370:30:GetKeyByID	4	static
C:/Users/Owner/Music/workspace_waterlevel20m-final/LoRaWAN_End_Node/Middlewares/Third_Party/LoRaWAN/Crypto/soft-se.c:421:30:ComputeCmac	328	static
C:/Users/Owner/Music/workspace_waterlevel20m-final/LoRaWAN_End_Node/Middlewares/Third_Party/LoRaWAN/Crypto/soft-se.c:579:23:SecureElementInit	264	static
C:/Users/Owner/Music/workspace_waterlevel20m-final/LoRaWAN_End_Node/Middlewares/Third_Party/LoRaWAN/Crypto/soft-se.c:783:23:SecureElementGetKeyByID	4	static
C:/Users/Owner/Music/workspace_waterlevel20m-final/LoRaWAN_End_Node/Middlewares/Third_Party/LoRaWAN/Crypto/soft-se.c:316:13:PrintKey	136	static
C:/Users/Owner/Music/workspace_waterlevel20m-final/LoRaWAN_End_Node/Middlewares/Third_Party/LoRaWAN/Crypto/soft-se.c:879:23:SecureElementDeleteDynamicKey	0	static
C:/Users/Owner/Music/workspace_waterlevel20m-final/LoRaWAN_End_Node/Middlewares/Third_Party/LoRaWAN/Crypto/soft-se.c:951:23:SecureElementSetObjHandler	0	static
C:/Users/Owner/Music/workspace_waterlevel20m-final/LoRaWAN_End_Node/Middlewares/Third_Party/LoRaWAN/Crypto/soft-se.c:1094:23:SecureElementSetID	0	static
C:/Users/Owner/Music/workspace_waterlevel20m-final/LoRaWAN_End_Node/Middlewares/Third_Party/LoRaWAN/Crypto/soft-se.c:1170:23:SecureElementComputeAesCmac	16	static
C:/Users/Owner/Music/workspace_waterlevel20m-final/LoRaWAN_End_Node/Middlewares/Third_Party/LoRaWAN/Crypto/soft-se.c:1182:23:SecureElementVerifyAesCmac	24	static
C:/Users/Owner/Music/workspace_waterlevel20m-final/LoRaWAN_End_Node/Middlewares/Third_Party/LoRaWAN/Crypto/soft-se.c:1251:23:SecureElementAesEncrypt	272	static
C:/Users/Owner/Music/workspace_waterlevel20m-final/LoRaWAN_End_Node/Middlewares/Third_Party/LoRaWAN/Crypto/soft-se.c:968:23:SecureElementSetKey	32	static
C:/Users/Owner/Music/workspace_waterlevel20m-final/LoRaWAN_End_Node/Middlewares/Third_Party/LoRaWAN/Crypto/soft-se.c:1340:23:SecureElementDeriveAndStoreKey	24	static
C:/Users/Owner/Music/workspace_waterlevel20m-final/LoRaWAN_End_Node/Middlewares/Third_Party/LoRaWAN/Crypto/soft-se.c:1430:23:SecureElementProcessJoinAccept	24	static
C:/Users/Owner/Music/workspace_waterlevel20m-final/LoRaWAN_End_Node/Middlewares/Third_Party/LoRaWAN/Crypto/soft-se.c:1540:23:SecureElementSetDevEui	8	static
C:/Users/Owner/Music/workspace_waterlevel20m-final/LoRaWAN_End_Node/Middlewares/Third_Party/LoRaWAN/Crypto/soft-se.c:1565:23:SecureElementGetDevEui	8	static
C:/Users/Owner/Music/workspace_waterlevel20m-final/LoRaWAN_End_Node/Middlewares/Third_Party/LoRaWAN/Crypto/soft-se.c:1589:23:SecureElementSetJoinEui	8	static
C:/Users/Owner/Music/workspace_waterlevel20m-final/LoRaWAN_End_Node/Middlewares/Third_Party/LoRaWAN/Crypto/soft-se.c:1614:23:SecureElementGetJoinEui	8	static
C:/Users/Owner/Music/workspace_waterlevel20m-final/LoRaWAN_End_Node/Middlewares/Third_Party/LoRaWAN/Crypto/soft-se.c:1638:23:SecureElementSetDevAddr	0	static
C:/Users/Owner/Music/workspace_waterlevel20m-final/LoRaWAN_End_Node/Middlewares/Third_Party/LoRaWAN/Crypto/soft-se.c:1683:23:SecureElementGetDevAddr	0	static
C:/Users/Owner/Music/workspace_waterlevel20m-final/LoRaWAN_End_Node/Middlewares/Third_Party/LoRaWAN/Crypto/soft-se.c:744:23:SecureElementInitMcuID	32	static
C:/Users/Owner/Music/workspace_waterlevel20m-final/LoRaWAN_End_Node/Middlewares/Third_Party/LoRaWAN/Crypto/soft-se.c:349:13:PrintIds	80	static
C:/Users/Owner/Music/workspace_waterlevel20m-final/LoRaWAN_End_Node/Middlewares/Third_Party/LoRaWAN/Crypto/soft-se.c:844:23:SecureElementPrintKeys	8	static
C:/Users/Owner/Music/workspace_waterlevel20m-final/LoRaWAN_End_Node/Middlewares/Third_Party/LoRaWAN/Crypto/soft-se.c:861:23:SecureElementPrintSessionKeys	8	static
