13:47:48 **** Incremental Build of configuration Debug for project LoRaWAN_End_Node ****
make -j8 all 
arm-none-eabi-gcc "C:/Users/Owner/Music/workspace_waterlevel20m-final/LoRaWAN_End_Node/LoRaWAN/App/lora_app.c" -mcpu=cortex-m4 -std=gnu11 -g3 -DDEBUG -DCORE_CM4 -DUSE_HAL_DRIVER -DSTM32WL55xx -c -I../../Core/Inc -I../../LoRaWAN/App -I../../LoRaWAN/Target -I../../Drivers/STM32WLxx_HAL_Driver/Inc -I../../Drivers/STM32WLxx_HAL_Driver/Inc/Legacy -I../../Utilities/trace/adv_trace -I../../Utilities/misc -I../../Utilities/sequencer -I../../Utilities/timer -I../../Utilities/lpm/tiny_lpm -I../../Middlewares/Third_Party/LoRaWAN/LmHandler/Packages -I../../Drivers/CMSIS/Device/ST/STM32WLxx/Include -I../../Middlewares/Third_Party/LoRaWAN/Crypto -I../../Middlewares/Third_Party/LoRaWAN/Mac/Region -I../../Middlewares/Third_Party/LoRaWAN/Mac -I../../Middlewares/Third_Party/LoRaWAN/LmHandler -I../../Middlewares/Third_Party/LoRaWAN/Utilities -I../../Middlewares/Third_Party/SubGHz_Phy -I../../Middlewares/Third_Party/SubGHz_Phy/stm32_radio_driver -I../../Drivers/CMSIS/Include -I../../Drivers/BSP/STM32WLxx_Nucleo -Og -ffunction-sections -fdata-sections -Wall -fstack-usage -fcyclomatic-complexity -MMD -MP -MF"Application/User/LoRaWAN/App/lora_app.d" -MT"Application/User/LoRaWAN/App/lora_app.o" --specs=nano.specs -mfloat-abi=soft -mthumb -o "Application/User/LoRaWAN/App/lora_app.o"
In file included from C:/Users/Owner/Music/workspace_waterlevel20m-final/LoRaWAN_End_Node/LoRaWAN/App/lora_app.c:44:
../../Middlewares/Third_Party/LoRaWAN/Mac/LoRaMacCrypto.h:75: warning: "FLASH_BASE" redefined
   75 | #define FLASH_BASE                              ((uint32_t)0x0803B7FF)
      | 
In file included from ../../Drivers/CMSIS/Device/ST/STM32WLxx/Include/stm32wlxx.h:100,
                 from ../../Core/Inc/platform.h:38,
                 from C:/Users/Owner/Music/workspace_waterlevel20m-final/LoRaWAN_End_Node/LoRaWAN/App/lora_app.c:22:
../../Drivers/CMSIS/Device/ST/STM32WLxx/Include/stm32wl55xx.h:928: note: this is the location of the previous definition
  928 | #define FLASH_BASE              0x08000000UL   /*!< FLASH(up to 256 KB) base address */
      | 
In file included from C:/Users/Owner/Music/workspace_waterlevel20m-final/LoRaWAN_End_Node/LoRaWAN/App/lora_app.c:44:
../../Middlewares/Third_Party/LoRaWAN/Mac/LoRaMacCrypto.h:76: warning: "FLASH_SIZE" redefined
   76 | #define FLASH_SIZE                              ((uint32_t)0x00080000)
      | 
In file included from ../../Drivers/CMSIS/Device/ST/STM32WLxx/Include/stm32wlxx.h:100,
                 from ../../Core/Inc/platform.h:38,
                 from C:/Users/Owner/Music/workspace_waterlevel20m-final/LoRaWAN_End_Node/LoRaWAN/App/lora_app.c:22:
../../Drivers/CMSIS/Device/ST/STM32WLxx/Include/stm32wl55xx.h:934: note: this is the location of the previous definition
  934 | #define FLASH_SIZE              (((*((uint32_t *)FLASHSIZE_BASE)) & 0xFFFFU) << 10U)
      | 
In file included from C:/Users/Owner/Music/workspace_waterlevel20m-final/LoRaWAN_End_Node/LoRaWAN/App/lora_app.c:45:
../../Core/Inc/project_config.h:11:32: warning: extra tokens at end of #include directive
   11 | #include "secure-element-nvm.h";
      |                                ^
C:/Users/Owner/Music/workspace_waterlevel20m-final/LoRaWAN_End_Node/LoRaWAN/App/lora_app.c: In function 'fetchSensorData':
C:/Users/Owner/Music/workspace_waterlevel20m-final/LoRaWAN_End_Node/LoRaWAN/App/lora_app.c:733:43: warning: unused variable 'nextTxIn' [-Wunused-variable]
  733 |                         UTIL_TIMER_Time_t nextTxIn = 0;
      |                                           ^~~~~~~~
C:/Users/Owner/Music/workspace_waterlevel20m-final/LoRaWAN_End_Node/LoRaWAN/App/lora_app.c:732:48: warning: unused variable 'status' [-Wunused-variable]
  732 |                         LmHandlerErrorStatus_t status = LORAMAC_HANDLER_ERROR;
      |                                                ^~~~~~
C:/Users/Owner/Music/workspace_waterlevel20m-final/LoRaWAN_End_Node/LoRaWAN/App/lora_app.c: In function 'fetchLTCData':
C:/Users/Owner/Music/workspace_waterlevel20m-final/LoRaWAN_End_Node/LoRaWAN/App/lora_app.c:920:91: warning: passing argument 5 of 'HAL_I2C_Mem_Write' makes pointer from integer without a cast [-Wint-conversion]
  920 |          if (HAL_I2C_Mem_Write(&hi2c1, 0x68 << 1, register_address, I2C_MEMADD_SIZE_8BIT, 0x05, 1, HAL_MAX_DELAY) == HAL_OK) {
      |                                                                                           ^~~~
      |                                                                                           |
      |                                                                                           int
In file included from ../../Core/Inc/stm32wlxx_hal_conf.h:241,
                 from ../../Drivers/STM32WLxx_HAL_Driver/Inc/stm32wlxx_hal.h:29,
                 from ../../Drivers/CMSIS/Device/ST/STM32WLxx/Include/stm32wlxx.h:266,
                 from ../../Core/Inc/platform.h:38,
                 from C:/Users/Owner/Music/workspace_waterlevel20m-final/LoRaWAN_End_Node/LoRaWAN/App/lora_app.c:22:
../../Drivers/STM32WLxx_HAL_Driver/Inc/stm32wlxx_hal_i2c.h:634:67: note: expected 'uint8_t *' {aka 'unsigned char *'} but argument is of type 'int'
  634 |                                     uint16_t MemAddSize, uint8_t *pData, uint16_t Size, uint32_t Timeout);
      |                                                          ~~~~~~~~~^~~~~
C:/Users/Owner/Music/workspace_waterlevel20m-final/LoRaWAN_End_Node/LoRaWAN/App/lora_app.c: In function 'SendTxData':
C:/Users/Owner/Music/workspace_waterlevel20m-final/LoRaWAN_End_Node/LoRaWAN/App/lora_app.c:1732:59: warning: pointer targets in passing argument 1 of 'LmHandlerGetTxDatarate' differ in signedness [-Wpointer-sign]
 1732 |                                 if(LmHandlerGetTxDatarate(&currentDR) == LORAMAC_HANDLER_SUCCESS){
      |                                                           ^~~~~~~~~~
      |                                                           |
      |                                                           uint8_t * {aka unsigned char *}
In file included from C:/Users/Owner/Music/workspace_waterlevel20m-final/LoRaWAN_End_Node/LoRaWAN/App/lora_app.c:32:
../../Middlewares/Third_Party/LoRaWAN/LmHandler/LmHandler.h:419:56: note: expected 'int8_t *' {aka 'signed char *'} but argument is of type 'uint8_t *' {aka 'unsigned char *'}
  419 | LmHandlerErrorStatus_t LmHandlerGetTxDatarate( int8_t *txDatarate );
      |                                                ~~~~~~~~^~~~~~~~~~
At top level:
C:/Users/Owner/Music/workspace_waterlevel20m-final/LoRaWAN_End_Node/LoRaWAN/App/lora_app.c:565:16: warning: 'AppLedStateOn' defined but not used [-Wunused-variable]
  565 | static uint8_t AppLedStateOn = RESET;
      |                ^~~~~~~~~~~~~
C:/Users/Owner/Music/workspace_waterlevel20m-final/LoRaWAN_End_Node/LoRaWAN/App/lora_app.c: In function 'OnRxData':
C:/Users/Owner/Music/workspace_waterlevel20m-final/LoRaWAN_End_Node/LoRaWAN/App/lora_app.c:1493:56: warning: 'uplinkCounter' may be used uninitialized in this function [-Wmaybe-uninitialized]
 1493 |                         uplinkCounter = (uplinkCounter << 8) | appData->Buffer[i];
      |                                         ~~~~~~~~~~~~~~~^~~~~
arm-none-eabi-gcc -o "LoRaWAN_End_Node.elf" @"objects.list"   -mcpu=cortex-m4 -T"C:\Users\Owner\Music\workspace_waterlevel20m-final\LoRaWAN_End_Node\STM32CubeIDE\STM32WL55JCIX_FLASH.ld" --specs=nosys.specs -Wl,-Map="LoRaWAN_End_Node.map" -Wl,--gc-sections -static --specs=nano.specs -mfloat-abi=soft -mthumb -u _printf_float -u _scanf_float -Wl,--start-group -lc -lm -Wl,--end-group
Finished building target: LoRaWAN_End_Node.elf
 
arm-none-eabi-size  LoRaWAN_End_Node.elf 
arm-none-eabi-objdump -h -S LoRaWAN_End_Node.elf  > "LoRaWAN_End_Node.list"
arm-none-eabi-objcopy  -O ihex LoRaWAN_End_Node.elf  "LoRaWAN_End_Node.hex"
   text	   data	    bss	    dec	    hex	filename
 123400	    832	  13848	 138080	  21b60	LoRaWAN_End_Node.elf
arm-none-eabi-objcopy  -O binary LoRaWAN_End_Node.elf  "LoRaWAN_End_Node.bin"
Finished building: default.size.stdout
 
Finished building: LoRaWAN_End_Node.hex
Finished building: LoRaWAN_End_Node.bin
 
 
Finished building: LoRaWAN_End_Node.list
 

13:47:51 Build Finished. 0 errors, 9 warnings. (took 3s.177ms)

